==5506== Memcheck, a memory error detector
==5506== Copyright (C) 2002-2017, and GNU GPL'd, by Julian Seward et al.
==5506== Using Valgrind-3.16.1 and LibVEX; rerun with -h for copyright info
==5506== Command: /mnt/c/Users/C24Ameen.Khan/Documents/school/Sophomore\ Year/Fall21/CS210/final_project/json-c-build/tests/test4 /mnt/c/Users/C24Ameen.Khan/Documents/school/Sophomore\ Year/Fall21/CS210/final_project/json-c/tests
==5506== Parent PID: 5492
==5506== 
==5506== error calling PR_SET_PTRACER, vgdb might block
==5506== 
==5506== HEAP SUMMARY:
==5506==     in use at exit: 0 bytes in 0 blocks
==5506==   total heap usage: 1,033 allocs, 1,033 frees, 134,250 bytes allocated
==5506== 
==5506== All heap blocks were freed -- no leaks are possible
==5506== 
==5506== For lists of detected and suppressed errors, rerun with: -s
==5506== ERROR SUMMARY: 0 errors from 0 contexts (suppressed: 0 from 0)
