==5758== Memcheck, a memory error detector
==5758== Copyright (C) 2002-2017, and GNU GPL'd, by Julian Seward et al.
==5758== Using Valgrind-3.16.1 and LibVEX; rerun with -h for copyright info
==5758== Command: /mnt/c/Users/C24Ameen.Khan/Documents/school/Sophomore\ Year/Fall21/CS210/final_project/json-c-build/tests/test_set_serializer /mnt/c/Users/C24Ameen.Khan/Documents/school/Sophomore\ Year/Fall21/CS210/final_project/json-c/tests
==5758== Parent PID: 5744
==5758== 
==5758== error calling PR_SET_PTRACER, vgdb might block
==5758== 
==5758== HEAP SUMMARY:
==5758==     in use at exit: 0 bytes in 0 blocks
==5758==   total heap usage: 23 allocs, 23 frees, 6,793 bytes allocated
==5758== 
==5758== All heap blocks were freed -- no leaks are possible
==5758== 
==5758== For lists of detected and suppressed errors, rerun with: -s
==5758== ERROR SUMMARY: 0 errors from 0 contexts (suppressed: 0 from 0)
