==5830== Memcheck, a memory error detector
==5830== Copyright (C) 2002-2017, and GNU GPL'd, by Julian Seward et al.
==5830== Using Valgrind-3.16.1 and LibVEX; rerun with -h for copyright info
==5830== Command: /mnt/c/Users/C24Ameen.Khan/Documents/school/Sophomore\ Year/Fall21/CS210/final_project/json-c-build/tests/test_visit /mnt/c/Users/C24Ameen.Khan/Documents/school/Sophomore\ Year/Fall21/CS210/final_project/json-c/tests
==5830== Parent PID: 5816
==5830== 
==5830== error calling PR_SET_PTRACER, vgdb might block
==5830== 
==5830== HEAP SUMMARY:
==5830==     in use at exit: 0 bytes in 0 blocks
==5830==   total heap usage: 76 allocs, 76 frees, 9,746 bytes allocated
==5830== 
==5830== All heap blocks were freed -- no leaks are possible
==5830== 
==5830== For lists of detected and suppressed errors, rerun with: -s
==5830== ERROR SUMMARY: 0 errors from 0 contexts (suppressed: 0 from 0)
