==5776== Memcheck, a memory error detector
==5776== Copyright (C) 2002-2017, and GNU GPL'd, by Julian Seward et al.
==5776== Using Valgrind-3.16.1 and LibVEX; rerun with -h for copyright info
==5776== Command: /mnt/c/Users/C24Ameen.Khan/Documents/school/Sophomore\ Year/Fall21/CS210/final_project/json-c-build/tests/test_set_value /mnt/c/Users/C24Ameen.Khan/Documents/school/Sophomore\ Year/Fall21/CS210/final_project/json-c/tests
==5776== Parent PID: 5762
==5776== 
==5776== error calling PR_SET_PTRACER, vgdb might block
==5776== 
==5776== HEAP SUMMARY:
==5776==     in use at exit: 0 bytes in 0 blocks
==5776==   total heap usage: 24 allocs, 24 frees, 6,348 bytes allocated
==5776== 
==5776== All heap blocks were freed -- no leaks are possible
==5776== 
==5776== For lists of detected and suppressed errors, rerun with: -s
==5776== ERROR SUMMARY: 0 errors from 0 contexts (suppressed: 0 from 0)
