==5668== Memcheck, a memory error detector
==5668== Copyright (C) 2002-2017, and GNU GPL'd, by Julian Seward et al.
==5668== Using Valgrind-3.16.1 and LibVEX; rerun with -h for copyright info
==5668== Command: /mnt/c/Users/C24Ameen.Khan/Documents/school/Sophomore\ Year/Fall21/CS210/final_project/json-c-build/tests/test_locale /mnt/c/Users/C24Ameen.Khan/Documents/school/Sophomore\ Year/Fall21/CS210/final_project/json-c/tests
==5668== Parent PID: 5654
==5668== 
==5668== error calling PR_SET_PTRACER, vgdb might block
==5668== 
==5668== HEAP SUMMARY:
==5668==     in use at exit: 0 bytes in 0 blocks
==5668==   total heap usage: 33 allocs, 33 frees, 7,364 bytes allocated
==5668== 
==5668== All heap blocks were freed -- no leaks are possible
==5668== 
==5668== For lists of detected and suppressed errors, rerun with: -s
==5668== ERROR SUMMARY: 0 errors from 0 contexts (suppressed: 0 from 0)
