==5740== Memcheck, a memory error detector
==5740== Copyright (C) 2002-2017, and GNU GPL'd, by Julian Seward et al.
==5740== Using Valgrind-3.16.1 and LibVEX; rerun with -h for copyright info
==5740== Command: /mnt/c/Users/C24Ameen.Khan/Documents/school/Sophomore\ Year/Fall21/CS210/final_project/json-c-build/tests/test_printbuf /mnt/c/Users/C24Ameen.Khan/Documents/school/Sophomore\ Year/Fall21/CS210/final_project/json-c/tests
==5740== Parent PID: 5726
==5740== 
==5740== error calling PR_SET_PTRACER, vgdb might block
==5740== 
==5740== HEAP SUMMARY:
==5740==     in use at exit: 0 bytes in 0 blocks
==5740==   total heap usage: 28 allocs, 28 frees, 5,927 bytes allocated
==5740== 
==5740== All heap blocks were freed -- no leaks are possible
==5740== 
==5740== For lists of detected and suppressed errors, rerun with: -s
==5740== ERROR SUMMARY: 0 errors from 0 contexts (suppressed: 0 from 0)
