==5596== Memcheck, a memory error detector
==5596== Copyright (C) 2002-2017, and GNU GPL'd, by Julian Seward et al.
==5596== Using Valgrind-3.16.1 and LibVEX; rerun with -h for copyright info
==5596== Command: /mnt/c/Users/C24Ameen.Khan/Documents/school/Sophomore\ Year/Fall21/CS210/final_project/json-c-build/tests/test_deep_copy /mnt/c/Users/C24Ameen.Khan/Documents/school/Sophomore\ Year/Fall21/CS210/final_project/json-c/tests
==5596== Parent PID: 5582
==5596== 
==5596== error calling PR_SET_PTRACER, vgdb might block
==5596== 
==5596== HEAP SUMMARY:
==5596==     in use at exit: 0 bytes in 0 blocks
==5596==   total heap usage: 702 allocs, 702 frees, 92,878 bytes allocated
==5596== 
==5596== All heap blocks were freed -- no leaks are possible
==5596== 
==5596== For lists of detected and suppressed errors, rerun with: -s
==5596== ERROR SUMMARY: 0 errors from 0 contexts (suppressed: 0 from 0)
