==5650== Memcheck, a memory error detector
==5650== Copyright (C) 2002-2017, and GNU GPL'd, by Julian Seward et al.
==5650== Using Valgrind-3.16.1 and LibVEX; rerun with -h for copyright info
==5650== Command: /mnt/c/Users/C24Ameen.Khan/Documents/school/Sophomore\ Year/Fall21/CS210/final_project/json-c-build/tests/test_int_add /mnt/c/Users/C24Ameen.Khan/Documents/school/Sophomore\ Year/Fall21/CS210/final_project/json-c/tests
==5650== Parent PID: 5636
==5650== 
==5650== error calling PR_SET_PTRACER, vgdb might block
==5650== 
==5650== HEAP SUMMARY:
==5650==     in use at exit: 0 bytes in 0 blocks
==5650==   total heap usage: 10 allocs, 10 frees, 4,600 bytes allocated
==5650== 
==5650== All heap blocks were freed -- no leaks are possible
==5650== 
==5650== For lists of detected and suppressed errors, rerun with: -s
==5650== ERROR SUMMARY: 0 errors from 0 contexts (suppressed: 0 from 0)
