==5578== Memcheck, a memory error detector
==5578== Copyright (C) 2002-2017, and GNU GPL'd, by Julian Seward et al.
==5578== Using Valgrind-3.16.1 and LibVEX; rerun with -h for copyright info
==5578== Command: /mnt/c/Users/C24Ameen.Khan/Documents/school/Sophomore\ Year/Fall21/CS210/final_project/json-c-build/tests/test_compare /mnt/c/Users/C24Ameen.Khan/Documents/school/Sophomore\ Year/Fall21/CS210/final_project/json-c/tests
==5578== Parent PID: 5564
==5578== 
==5578== error calling PR_SET_PTRACER, vgdb might block
==5578== 
==5578== HEAP SUMMARY:
==5578==     in use at exit: 0 bytes in 0 blocks
==5578==   total heap usage: 70 allocs, 70 frees, 9,110 bytes allocated
==5578== 
==5578== All heap blocks were freed -- no leaks are possible
==5578== 
==5578== For lists of detected and suppressed errors, rerun with: -s
==5578== ERROR SUMMARY: 0 errors from 0 contexts (suppressed: 0 from 0)
