==5542== Memcheck, a memory error detector
==5542== Copyright (C) 2002-2017, and GNU GPL'd, by Julian Seward et al.
==5542== Using Valgrind-3.16.1 and LibVEX; rerun with -h for copyright info
==5542== Command: /mnt/c/Users/C24Ameen.Khan/Documents/school/Sophomore\ Year/Fall21/CS210/final_project/json-c-build/tests/test_cast /mnt/c/Users/C24Ameen.Khan/Documents/school/Sophomore\ Year/Fall21/CS210/final_project/json-c/tests
==5542== Parent PID: 5528
==5542== 
==5542== error calling PR_SET_PTRACER, vgdb might block
==5542== 
==5542== HEAP SUMMARY:
==5542==     in use at exit: 0 bytes in 0 blocks
==5542==   total heap usage: 69 allocs, 69 frees, 11,215 bytes allocated
==5542== 
==5542== All heap blocks were freed -- no leaks are possible
==5542== 
==5542== For lists of detected and suppressed errors, rerun with: -s
==5542== ERROR SUMMARY: 0 errors from 0 contexts (suppressed: 0 from 0)
