==5524== Memcheck, a memory error detector
==5524== Copyright (C) 2002-2017, and GNU GPL'd, by Julian Seward et al.
==5524== Using Valgrind-3.16.1 and LibVEX; rerun with -h for copyright info
==5524== Command: /mnt/c/Users/C24Ameen.Khan/Documents/school/Sophomore\ Year/Fall21/CS210/final_project/json-c-build/tests/testReplaceExisting /mnt/c/Users/C24Ameen.Khan/Documents/school/Sophomore\ Year/Fall21/CS210/final_project/json-c/tests
==5524== Parent PID: 5510
==5524== 
==5524== error calling PR_SET_PTRACER, vgdb might block
==5524== 
==5524== HEAP SUMMARY:
==5524==     in use at exit: 0 bytes in 0 blocks
==5524==   total heap usage: 13 allocs, 13 frees, 5,149 bytes allocated
==5524== 
==5524== All heap blocks were freed -- no leaks are possible
==5524== 
==5524== For lists of detected and suppressed errors, rerun with: -s
==5524== ERROR SUMMARY: 0 errors from 0 contexts (suppressed: 0 from 0)
