==5632== Memcheck, a memory error detector
==5632== Copyright (C) 2002-2017, and GNU GPL'd, by Julian Seward et al.
==5632== Using Valgrind-3.16.1 and LibVEX; rerun with -h for copyright info
==5632== Command: /mnt/c/Users/C24Ameen.Khan/Documents/school/Sophomore\ Year/Fall21/CS210/final_project/json-c-build/tests/test_float /mnt/c/Users/C24Ameen.Khan/Documents/school/Sophomore\ Year/Fall21/CS210/final_project/json-c/tests
==5632== Parent PID: 5618
==5632== 
==5632== error calling PR_SET_PTRACER, vgdb might block
==5632== 
==5632== HEAP SUMMARY:
==5632==     in use at exit: 0 bytes in 0 blocks
==5632==   total heap usage: 16 allocs, 16 frees, 4,576 bytes allocated
==5632== 
==5632== All heap blocks were freed -- no leaks are possible
==5632== 
==5632== For lists of detected and suppressed errors, rerun with: -s
==5632== ERROR SUMMARY: 0 errors from 0 contexts (suppressed: 0 from 0)
