==5468== Memcheck, a memory error detector
==5468== Copyright (C) 2002-2017, and GNU GPL'd, by Julian Seward et al.
==5468== Using Valgrind-3.16.1 and LibVEX; rerun with -h for copyright info
==5468== Command: /mnt/c/Users/C24Ameen.Khan/Documents/school/Sophomore\ Year/Fall21/CS210/final_project/json-c-build/tests/test2
==5468== Parent PID: 5456
==5468== 
==5468== error calling PR_SET_PTRACER, vgdb might block
==5468== 
==5468== HEAP SUMMARY:
==5468==     in use at exit: 0 bytes in 0 blocks
==5468==   total heap usage: 70 allocs, 70 frees, 11,510 bytes allocated
==5468== 
==5468== All heap blocks were freed -- no leaks are possible
==5468== 
==5468== For lists of detected and suppressed errors, rerun with: -s
==5468== ERROR SUMMARY: 0 errors from 0 contexts (suppressed: 0 from 0)
