==5480== Memcheck, a memory error detector
==5480== Copyright (C) 2002-2017, and GNU GPL'd, by Julian Seward et al.
==5480== Using Valgrind-3.16.1 and LibVEX; rerun with -h for copyright info
==5480== Command: /mnt/c/Users/C24Ameen.Khan/Documents/school/Sophomore\ Year/Fall21/CS210/final_project/json-c-build/tests/test2Formatted pretty
==5480== Parent PID: 5456
==5480== 
==5480== error calling PR_SET_PTRACER, vgdb might block
==5480== 
==5480== HEAP SUMMARY:
==5480==     in use at exit: 0 bytes in 0 blocks
==5480==   total heap usage: 71 allocs, 71 frees, 12,534 bytes allocated
==5480== 
==5480== All heap blocks were freed -- no leaks are possible
==5480== 
==5480== For lists of detected and suppressed errors, rerun with: -s
==5480== ERROR SUMMARY: 0 errors from 0 contexts (suppressed: 0 from 0)
