==5472== Memcheck, a memory error detector
==5472== Copyright (C) 2002-2017, and GNU GPL'd, by Julian Seward et al.
==5472== Using Valgrind-3.16.1 and LibVEX; rerun with -h for copyright info
==5472== Command: /mnt/c/Users/C24Ameen.Khan/Documents/school/Sophomore\ Year/Fall21/CS210/final_project/json-c-build/tests/test2Formatted plain
==5472== Parent PID: 5456
==5472== 
==5472== error calling PR_SET_PTRACER, vgdb might block
==5472== 
==5472== HEAP SUMMARY:
==5472==     in use at exit: 0 bytes in 0 blocks
==5472==   total heap usage: 70 allocs, 70 frees, 11,510 bytes allocated
==5472== 
==5472== All heap blocks were freed -- no leaks are possible
==5472== 
==5472== For lists of detected and suppressed errors, rerun with: -s
==5472== ERROR SUMMARY: 0 errors from 0 contexts (suppressed: 0 from 0)
