==5848== Memcheck, a memory error detector
==5848== Copyright (C) 2002-2017, and GNU GPL'd, by Julian Seward et al.
==5848== Using Valgrind-3.16.1 and LibVEX; rerun with -h for copyright info
==5848== Command: /mnt/c/Users/C24Ameen.Khan/Documents/school/Sophomore\ Year/Fall21/CS210/final_project/json-c-build/tests/test_object_iterator /mnt/c/Users/C24Ameen.Khan/Documents/school/Sophomore\ Year/Fall21/CS210/final_project/json-c/tests
==5848== Parent PID: 5834
==5848== 
==5848== error calling PR_SET_PTRACER, vgdb might block
==5848== 
==5848== HEAP SUMMARY:
==5848==     in use at exit: 0 bytes in 0 blocks
==5848==   total heap usage: 43 allocs, 43 frees, 7,239 bytes allocated
==5848== 
==5848== All heap blocks were freed -- no leaks are possible
==5848== 
==5848== For lists of detected and suppressed errors, rerun with: -s
==5848== ERROR SUMMARY: 0 errors from 0 contexts (suppressed: 0 from 0)
