==5866== Memcheck, a memory error detector
==5866== Copyright (C) 2002-2017, and GNU GPL'd, by Julian Seward et al.
==5866== Using Valgrind-3.16.1 and LibVEX; rerun with -h for copyright info
==5866== Command: /mnt/c/Users/C24Ameen.Khan/Documents/school/Sophomore\ Year/Fall21/CS210/final_project/json-c-build/tests/test_json_pointer /mnt/c/Users/C24Ameen.Khan/Documents/school/Sophomore\ Year/Fall21/CS210/final_project/json-c/tests
==5866== Parent PID: 5852
==5866== 
==5866== error calling PR_SET_PTRACER, vgdb might block
==5866== 
==5866== HEAP SUMMARY:
==5866==     in use at exit: 0 bytes in 0 blocks
==5866==   total heap usage: 425 allocs, 425 frees, 38,923 bytes allocated
==5866== 
==5866== All heap blocks were freed -- no leaks are possible
==5866== 
==5866== For lists of detected and suppressed errors, rerun with: -s
==5866== ERROR SUMMARY: 0 errors from 0 contexts (suppressed: 0 from 0)
