==5794== Memcheck, a memory error detector
==5794== Copyright (C) 2002-2017, and GNU GPL'd, by Julian Seward et al.
==5794== Using Valgrind-3.16.1 and LibVEX; rerun with -h for copyright info
==5794== Command: /mnt/c/Users/C24Ameen.Khan/Documents/school/Sophomore\ Year/Fall21/CS210/final_project/json-c-build/tests/test_strerror /mnt/c/Users/C24Ameen.Khan/Documents/school/Sophomore\ Year/Fall21/CS210/final_project/json-c/tests
==5794== Parent PID: 5780
==5794== 
==5794== error calling PR_SET_PTRACER, vgdb might block
==5794== 
==5794== HEAP SUMMARY:
==5794==     in use at exit: 0 bytes in 0 blocks
==5794==   total heap usage: 1 allocs, 1 frees, 4,096 bytes allocated
==5794== 
==5794== All heap blocks were freed -- no leaks are possible
==5794== 
==5794== For lists of detected and suppressed errors, rerun with: -s
==5794== ERROR SUMMARY: 0 errors from 0 contexts (suppressed: 0 from 0)
