==5560== Memcheck, a memory error detector
==5560== Copyright (C) 2002-2017, and GNU GPL'd, by Julian Seward et al.
==5560== Using Valgrind-3.16.1 and LibVEX; rerun with -h for copyright info
==5560== Command: /mnt/c/Users/C24Ameen.Khan/Documents/school/Sophomore\ Year/Fall21/CS210/final_project/json-c-build/tests/test_charcase /mnt/c/Users/C24Ameen.Khan/Documents/school/Sophomore\ Year/Fall21/CS210/final_project/json-c/tests
==5560== Parent PID: 5546
==5560== 
==5560== error calling PR_SET_PTRACER, vgdb might block
==5560== 
==5560== HEAP SUMMARY:
==5560==     in use at exit: 0 bytes in 0 blocks
==5560==   total heap usage: 11 allocs, 11 frees, 6,632 bytes allocated
==5560== 
==5560== All heap blocks were freed -- no leaks are possible
==5560== 
==5560== For lists of detected and suppressed errors, rerun with: -s
==5560== ERROR SUMMARY: 0 errors from 0 contexts (suppressed: 0 from 0)
