==5614== Memcheck, a memory error detector
==5614== Copyright (C) 2002-2017, and GNU GPL'd, by Julian Seward et al.
==5614== Using Valgrind-3.16.1 and LibVEX; rerun with -h for copyright info
==5614== Command: /mnt/c/Users/C24Ameen.Khan/Documents/school/Sophomore\ Year/Fall21/CS210/final_project/json-c-build/tests/test_double_serializer /mnt/c/Users/C24Ameen.Khan/Documents/school/Sophomore\ Year/Fall21/CS210/final_project/json-c/tests
==5614== Parent PID: 5600
==5614== 
==5614== error calling PR_SET_PTRACER, vgdb might block
==5614== 
==5614== HEAP SUMMARY:
==5614==     in use at exit: 0 bytes in 0 blocks
==5614==   total heap usage: 32 allocs, 32 frees, 4,997 bytes allocated
==5614== 
==5614== All heap blocks were freed -- no leaks are possible
==5614== 
==5614== For lists of detected and suppressed errors, rerun with: -s
==5614== ERROR SUMMARY: 0 errors from 0 contexts (suppressed: 0 from 0)
