==5436== Memcheck, a memory error detector
==5436== Copyright (C) 2002-2017, and GNU GPL'd, by Julian Seward et al.
==5436== Using Valgrind-3.16.1 and LibVEX; rerun with -h for copyright info
==5436== Command: /mnt/c/Users/C24Ameen.Khan/Documents/school/Sophomore\ Year/Fall21/CS210/final_project/json-c-build/tests/test1Formatted plain
==5436== Parent PID: 5420
==5436== 
==5436== error calling PR_SET_PTRACER, vgdb might block
==5436== 
==5436== HEAP SUMMARY:
==5436==     in use at exit: 0 bytes in 0 blocks
==5436==   total heap usage: 231 allocs, 231 frees, 14,264 bytes allocated
==5436== 
==5436== All heap blocks were freed -- no leaks are possible
==5436== 
==5436== For lists of detected and suppressed errors, rerun with: -s
==5436== ERROR SUMMARY: 0 errors from 0 contexts (suppressed: 0 from 0)
