==5448== Memcheck, a memory error detector
==5448== Copyright (C) 2002-2017, and GNU GPL'd, by Julian Seward et al.
==5448== Using Valgrind-3.16.1 and LibVEX; rerun with -h for copyright info
==5448== Command: /mnt/c/Users/C24Ameen.Khan/Documents/school/Sophomore\ Year/Fall21/CS210/final_project/json-c-build/tests/test1Formatted spaced pretty
==5448== Parent PID: 5420
==5448== 
==5448== error calling PR_SET_PTRACER, vgdb might block
==5448== 
==5448== HEAP SUMMARY:
==5448==     in use at exit: 0 bytes in 0 blocks
==5448==   total heap usage: 232 allocs, 232 frees, 14,457 bytes allocated
==5448== 
==5448== All heap blocks were freed -- no leaks are possible
==5448== 
==5448== For lists of detected and suppressed errors, rerun with: -s
==5448== ERROR SUMMARY: 0 errors from 0 contexts (suppressed: 0 from 0)
