==5444== Memcheck, a memory error detector
==5444== Copyright (C) 2002-2017, and GNU GPL'd, by Julian Seward et al.
==5444== Using Valgrind-3.16.1 and LibVEX; rerun with -h for copyright info
==5444== Command: /mnt/c/Users/C24Ameen.Khan/Documents/school/Sophomore\ Year/Fall21/CS210/final_project/json-c-build/tests/test1Formatted pretty
==5444== Parent PID: 5420
==5444== 
==5444== error calling PR_SET_PTRACER, vgdb might block
==5444== 
==5444== HEAP SUMMARY:
==5444==     in use at exit: 0 bytes in 0 blocks
==5444==   total heap usage: 231 allocs, 231 frees, 14,325 bytes allocated
==5444== 
==5444== All heap blocks were freed -- no leaks are possible
==5444== 
==5444== For lists of detected and suppressed errors, rerun with: -s
==5444== ERROR SUMMARY: 0 errors from 0 contexts (suppressed: 0 from 0)
