==5432== Memcheck, a memory error detector
==5432== Copyright (C) 2002-2017, and GNU GPL'd, by Julian Seward et al.
==5432== Using Valgrind-3.16.1 and LibVEX; rerun with -h for copyright info
==5432== Command: /mnt/c/Users/C24Ameen.Khan/Documents/school/Sophomore\ Year/Fall21/CS210/final_project/json-c-build/tests/test1
==5432== Parent PID: 5420
==5432== 
==5432== error calling PR_SET_PTRACER, vgdb might block
==5432== 
==5432== HEAP SUMMARY:
==5432==     in use at exit: 0 bytes in 0 blocks
==5432==   total heap usage: 171 allocs, 171 frees, 13,863 bytes allocated
==5432== 
==5432== All heap blocks were freed -- no leaks are possible
==5432== 
==5432== For lists of detected and suppressed errors, rerun with: -s
==5432== ERROR SUMMARY: 0 errors from 0 contexts (suppressed: 0 from 0)
