==5452== Memcheck, a memory error detector
==5452== Copyright (C) 2002-2017, and GNU GPL'd, by Julian Seward et al.
==5452== Using Valgrind-3.16.1 and LibVEX; rerun with -h for copyright info
==5452== Command: /mnt/c/Users/C24Ameen.Khan/Documents/school/Sophomore\ Year/Fall21/CS210/final_project/json-c-build/tests/test1Formatted spaced pretty pretty_tab
==5452== Parent PID: 5420
==5452== 
==5452== error calling PR_SET_PTRACER, vgdb might block
==5452== 
==5452== HEAP SUMMARY:
==5452==     in use at exit: 0 bytes in 0 blocks
==5452==   total heap usage: 231 allocs, 231 frees, 14,310 bytes allocated
==5452== 
==5452== All heap blocks were freed -- no leaks are possible
==5452== 
==5452== For lists of detected and suppressed errors, rerun with: -s
==5452== ERROR SUMMARY: 0 errors from 0 contexts (suppressed: 0 from 0)
