==5812== Memcheck, a memory error detector
==5812== Copyright (C) 2002-2017, and GNU GPL'd, by Julian Seward et al.
==5812== Using Valgrind-3.16.1 and LibVEX; rerun with -h for copyright info
==5812== Command: /mnt/c/Users/C24Ameen.Khan/Documents/school/Sophomore\ Year/Fall21/CS210/final_project/json-c-build/tests/test_util_file /mnt/c/Users/C24Ameen.Khan/Documents/school/Sophomore\ Year/Fall21/CS210/final_project/json-c/tests
==5812== Parent PID: 5798
==5812== 
==5812== error calling PR_SET_PTRACER, vgdb might block
==5812== 
==5812== HEAP SUMMARY:
==5812==     in use at exit: 0 bytes in 0 blocks
==5812==   total heap usage: 206 allocs, 206 frees, 31,159 bytes allocated
==5812== 
==5812== All heap blocks were freed -- no leaks are possible
==5812== 
==5812== For lists of detected and suppressed errors, rerun with: -s
==5812== ERROR SUMMARY: 0 errors from 0 contexts (suppressed: 0 from 0)
