==5704== Memcheck, a memory error detector
==5704== Copyright (C) 2002-2017, and GNU GPL'd, by Julian Seward et al.
==5704== Using Valgrind-3.16.1 and LibVEX; rerun with -h for copyright info
==5704== Command: /mnt/c/Users/C24Ameen.Khan/Documents/school/Sophomore\ Year/Fall21/CS210/final_project/json-c-build/tests/test_parse /mnt/c/Users/C24Ameen.Khan/Documents/school/Sophomore\ Year/Fall21/CS210/final_project/json-c/tests
==5704== Parent PID: 5690
==5704== 
==5704== error calling PR_SET_PTRACER, vgdb might block
==5704== 
==5704== HEAP SUMMARY:
==5704==     in use at exit: 0 bytes in 0 blocks
==5704==   total heap usage: 1,695 allocs, 1,695 frees, 287,285 bytes allocated
==5704== 
==5704== All heap blocks were freed -- no leaks are possible
==5704== 
==5704== For lists of detected and suppressed errors, rerun with: -s
==5704== ERROR SUMMARY: 0 errors from 0 contexts (suppressed: 0 from 0)
